{
  "user_name":"koralle",
  "password": "test"
}
